// Jest Snapshot v1, https://goo.gl/fbAQLP

exports[`logged out user can not access editor 1`] = `
<div>
  <div>
    Please login in order to view this part of the application.
  </div>
</div>
`;

exports[`rich text editor gets rendered correctly 1`] = `
Array [
  <h1>
    Create blogpost
  </h1>,
  <div
    className="InputFields"
  >
    <input
      className=""
      name="title"
      onChange={[Function]}
      placeholder="Titel"
      value=""
    />
    <form
      className="select-container"
      name="category"
    >
      <div
        className=" css-2b097c-container"
        onKeyDown={[Function]}
      >
        <span
          aria-atomic="false"
          aria-live="polite"
          aria-relevant="additions text"
          className="css-1f43avz-a11yText-A11yText"
        />
        <div
          className=" css-yk16xz-control"
          onMouseDown={[Function]}
          onTouchEnd={[Function]}
        >
          <div
            className=" css-g1d714-ValueContainer"
          >
            <div
              className=" css-1uccc91-singleValue"
            >
              
            </div>
            <div
              className="css-b8ldur-Input"
            >
              <div
                className=""
                style={
                  Object {
                    "display": "inline-block",
                  }
                }
              >
                <input
                  aria-autocomplete="list"
                  autoCapitalize="none"
                  autoComplete="off"
                  autoCorrect="off"
                  disabled={false}
                  id="react-select-2-input"
                  onBlur={[Function]}
                  onChange={[Function]}
                  onFocus={[Function]}
                  spellCheck="false"
                  style={
                    Object {
                      "background": 0,
                      "border": 0,
                      "boxSizing": "content-box",
                      "color": "inherit",
                      "fontSize": "inherit",
                      "label": "input",
                      "opacity": 1,
                      "outline": 0,
                      "padding": 0,
                      "width": "1px",
                    }
                  }
                  tabIndex="0"
                  type="text"
                  value=""
                />
                <div
                  style={
                    Object {
                      "height": 0,
                      "left": 0,
                      "overflow": "scroll",
                      "position": "absolute",
                      "top": 0,
                      "visibility": "hidden",
                      "whiteSpace": "pre",
                    }
                  }
                >
                  
                </div>
              </div>
            </div>
          </div>
          <div
            className=" css-1hb7zxy-IndicatorsContainer"
          >
            <span
              className=" css-1okebmr-indicatorSeparator"
            />
            <div
              aria-hidden="true"
              className=" css-tlfecz-indicatorContainer"
              onMouseDown={[Function]}
              onTouchEnd={[Function]}
            >
              <svg
                aria-hidden="true"
                className="css-tj5bde-Svg"
                focusable="false"
                height={20}
                viewBox="0 0 20 20"
                width={20}
              >
                <path
                  d="M4.516 7.548c0.436-0.446 1.043-0.481 1.576 0l3.908 3.747 3.908-3.747c0.533-0.481 1.141-0.446 1.574 0 0.436 0.445 0.408 1.197 0 1.615-0.406 0.418-4.695 4.502-4.695 4.502-0.217 0.223-0.502 0.335-0.787 0.335s-0.57-0.112-0.789-0.335c0 0-4.287-4.084-4.695-4.502s-0.436-1.17 0-1.615z"
                />
              </svg>
            </div>
          </div>
        </div>
      </div>
    </form>
  </div>,
  <div
    className="RichEditor-root"
  >
    <div
      className="RichEditor-controls"
    >
      <span
        className="RichEditor-styleButton"
        onMouseDown={[Function]}
      >
        H1
      </span>
      <span
        className="RichEditor-styleButton"
        onMouseDown={[Function]}
      >
        H2
      </span>
      <span
        className="RichEditor-styleButton"
        onMouseDown={[Function]}
      >
        H3
      </span>
      <span
        className="RichEditor-styleButton"
        onMouseDown={[Function]}
      >
        H4
      </span>
      <span
        className="RichEditor-styleButton"
        onMouseDown={[Function]}
      >
        H5
      </span>
      <span
        className="RichEditor-styleButton"
        onMouseDown={[Function]}
      >
        H6
      </span>
      <span
        className="RichEditor-styleButton"
        onMouseDown={[Function]}
      >
        Blockquote
      </span>
      <span
        className="RichEditor-styleButton"
        onMouseDown={[Function]}
      >
        UL
      </span>
      <span
        className="RichEditor-styleButton"
        onMouseDown={[Function]}
      >
        OL
      </span>
      <span
        className="RichEditor-styleButton"
        onMouseDown={[Function]}
      >
        Code Block
      </span>
    </div>
    <div
      className="RichEditor-controls"
    >
      <span
        className="RichEditor-styleButton"
        onMouseDown={[Function]}
      >
        Bold
      </span>
      <span
        className="RichEditor-styleButton"
        onMouseDown={[Function]}
      >
        Italic
      </span>
      <span
        className="RichEditor-styleButton"
        onMouseDown={[Function]}
      >
        Underline
      </span>
      <span
        className="RichEditor-styleButton"
        onMouseDown={[Function]}
      >
        Monospace
      </span>
    </div>
    <div
      onClick={[Function]}
    >
      <div
        className="DraftEditor-root"
      >
        <div
          className="public-DraftEditorPlaceholder-root"
        >
          <div
            className="public-DraftEditorPlaceholder-inner"
            id="placeholder-4bacg"
            style={
              Object {
                "whiteSpace": "pre-wrap",
              }
            }
          >
            Tell a story...
          </div>
        </div>
        <div
          className="DraftEditor-editorContainer"
        >
          <div
            aria-describedby="placeholder-4bacg"
            aria-expanded={null}
            className="notranslate public-DraftEditor-content"
            contentEditable={true}
            onBeforeInput={[Function]}
            onBlur={[Function]}
            onCompositionEnd={[Function]}
            onCompositionStart={[Function]}
            onCopy={[Function]}
            onCut={[Function]}
            onDragEnd={[Function]}
            onDragEnter={[Function]}
            onDragLeave={[Function]}
            onDragOver={[Function]}
            onDragStart={[Function]}
            onDrop={[Function]}
            onFocus={[Function]}
            onInput={[Function]}
            onKeyDown={[Function]}
            onKeyPress={[Function]}
            onKeyUp={[Function]}
            onMouseUp={[Function]}
            onPaste={[Function]}
            onSelect={[Function]}
            role="textbox"
            spellCheck={true}
            style={
              Object {
                "WebkitUserSelect": "text",
                "outline": "none",
                "userSelect": "text",
                "whiteSpace": "pre-wrap",
                "wordWrap": "break-word",
              }
            }
            suppressContentEditableWarning={true}
          >
            <div
              data-contents="true"
            >
              <div
                className={null}
                data-block={true}
                data-editor="4bacg"
                data-offset-key="c313h-0-0"
              >
                <div
                  className="public-DraftStyleDefault-block public-DraftStyleDefault-ltr"
                  data-offset-key="c313h-0-0"
                >
                  <span
                    data-offset-key="c313h-0-0"
                    style={Object {}}
                  >
                    <br
                      data-text="true"
                    />
                  </span>
                </div>
              </div>
            </div>
          </div>
        </div>
      </div>
    </div>
  </div>,
  <div
    className="newBlogPostButtons"
  >
    <button
      className="SubmitButton"
      onClick={[Function]}
    >
      Submit
    </button>
    <button
      className="CancelButton"
      onClick={[Function]}
    >
      Cancel
    </button>
  </div>,
]
`;
